network packet analyzer,
vpn, 
ad blocker,
dns,
predictitve algorithm,
bandwidth monitoring, 
content filtering,
graphic visualization,
app and protocol recognition,
audit and logs,
role management,
behaviorial analysis

modular design





Category						Feature Example

Packet Analysis				Multi-pane views, protocol decoding
Flow Monitoring				NetFlow/sFlow/IPFIX, bandwidth top talkers
Alerts & Automation			Real-time alerts, ML-based anomaly detection
Predictive Analytics			Failure/congestion forecasting
DNS & Content Control			DNS logging, ad blocking, content filtering
VPN Integration				VPN monitoring, secure remote access
Visualization					Dashboards, trend graphs, custom reports
Application Detection			DPI, app/protocol classification
Integration					APIs, SIEM/monitoring tool connectors
Security & Compliance			Threat alerts, historical logs, compliance tools
User Management				Multi-user, role-based access
Innovation					Behavioral analytics, self-healing, playback